[2026-04-25 00:48:24.492] [INFO] [mpc_sim] SimulationLogger initialized. Log file: logs\simulation_20260425_004824.log
[2026-04-25 00:48:24.798] [INFO] [mpc_sim] k=20 | Constraint: slack_activated | reason=feasibility
[2026-04-25 00:48:24.869] [INFO] [mpc_sim] k=25 | Constraint: slack_activated | reason=feasibility
[2026-04-25 00:48:24.940] [INFO] [mpc_sim] k=30 | Constraint: slack_activated | reason=feasibility
[2026-04-25 00:48:25.005] [INFO] [mpc_sim] k=35 | Constraint: slack_activated | reason=feasibility
[2026-04-25 00:48:25.451] [INFO] [mpc_sim] k=75 | Constraint: slack_activated | reason=feasibility
[2026-04-25 00:48:25.513] [INFO] [mpc_sim] k=80 | Constraint: slack_activated | reason=feasibility
[2026-04-25 00:48:29.904] [INFO] [mpc_sim] k=565 | Constraint: slack_activated | reason=feasibility
[2026-04-25 00:48:29.955] [INFO] [mpc_sim] k=570 | Constraint: slack_activated | reason=feasibility
[2026-04-25 00:48:30.002] [INFO] [mpc_sim] k=575 | Constraint: slack_activated | reason=feasibility
[2026-04-25 00:48:30.059] [INFO] [mpc_sim] k=580 | Constraint: slack_activated | reason=feasibility
[2026-04-25 00:48:30.412] [INFO] [mpc_sim] k=610 | Constraint: slack_activated | reason=feasibility
[2026-04-25 00:48:30.770] [INFO] [mpc_sim] k=655 | Constraint: slack_activated | reason=feasibility
[2026-04-25 00:48:30.823] [INFO] [mpc_sim] k=660 | Constraint: slack_activated | reason=feasibility
[2026-04-25 00:48:31.052] [INFO] [mpc_sim] k=680 | Constraint: slack_activated | reason=feasibility
[2026-04-25 00:48:31.101] [INFO] [mpc_sim] k=685 | Constraint: slack_activated | reason=feasibility
[2026-04-25 00:48:33.696] [INFO] [mpc_sim] Simulation completed | total_entries=2013 | state_updates=999 | control_actions=999 | errors=0 | warnings=0 | session_timestamp=20260425_004824 | max_error_norm=0.7793880640892921 | mean_error_norm=0.13967296568526846 | final_error_norm=0.1426413644739132
[2026-04-25 00:48:33.705] [INFO] [mpc_sim] State history exported to logs\states_20260425_004824.csv
[2026-04-25 00:48:33.710] [INFO] [mpc_sim] Control history exported to logs\controls_20260425_004824.csv
[2026-04-25 00:48:33.778] [INFO] [mpc_sim] Logs exported to logs\simulation_20260425_004824.json
[2026-04-25 00:48:33.779] [INFO] [mpc_sim] Logging session finalized. Summary: {'total_entries': 2013, 'state_updates': 999, 'control_actions': 999, 'errors': 0, 'warnings': 0, 'session_timestamp': '20260425_004824', 'max_error_norm': 0.7793880640892921, 'mean_error_norm': 0.13967296568526846, 'final_error_norm': 0.1426413644739132}
