[2026-04-25 00:47:44.076] [INFO] [mpc_sim] SimulationLogger initialized. Log file: logs\simulation_20260425_004744.log
[2026-04-25 00:47:44.340] [INFO] [mpc_sim] k=20 | Constraint: slack_activated | reason=feasibility
[2026-04-25 00:47:44.399] [INFO] [mpc_sim] k=25 | Constraint: slack_activated | reason=feasibility
[2026-04-25 00:47:44.453] [INFO] [mpc_sim] k=30 | Constraint: slack_activated | reason=feasibility
[2026-04-25 00:47:44.510] [INFO] [mpc_sim] k=35 | Constraint: slack_activated | reason=feasibility
[2026-04-25 00:47:44.930] [INFO] [mpc_sim] k=75 | Constraint: slack_activated | reason=feasibility
[2026-04-25 00:47:44.995] [INFO] [mpc_sim] k=80 | Constraint: slack_activated | reason=feasibility
[2026-04-25 00:47:49.108] [INFO] [mpc_sim] k=565 | Constraint: slack_activated | reason=feasibility
[2026-04-25 00:47:49.162] [INFO] [mpc_sim] k=570 | Constraint: slack_activated | reason=feasibility
[2026-04-25 00:47:49.214] [INFO] [mpc_sim] k=575 | Constraint: slack_activated | reason=feasibility
[2026-04-25 00:47:49.266] [INFO] [mpc_sim] k=580 | Constraint: slack_activated | reason=feasibility
[2026-04-25 00:47:49.669] [INFO] [mpc_sim] k=610 | Constraint: slack_activated | reason=feasibility
[2026-04-25 00:47:50.063] [INFO] [mpc_sim] k=655 | Constraint: slack_activated | reason=feasibility
[2026-04-25 00:47:50.320] [INFO] [mpc_sim] k=675 | Constraint: slack_activated | reason=feasibility
[2026-04-25 00:47:50.378] [INFO] [mpc_sim] k=680 | Constraint: slack_activated | reason=feasibility
[2026-04-25 00:47:53.274] [INFO] [mpc_sim] Simulation completed | total_entries=2012 | state_updates=999 | control_actions=999 | errors=0 | warnings=0 | session_timestamp=20260425_004744 | max_error_norm=0.7778521288223325 | mean_error_norm=0.12660724766836376 | final_error_norm=0.1280877948653936
[2026-04-25 00:47:53.283] [INFO] [mpc_sim] State history exported to logs\states_20260425_004744.csv
[2026-04-25 00:47:53.288] [INFO] [mpc_sim] Control history exported to logs\controls_20260425_004744.csv
[2026-04-25 00:47:53.360] [INFO] [mpc_sim] Logs exported to logs\simulation_20260425_004744.json
[2026-04-25 00:47:53.361] [INFO] [mpc_sim] Logging session finalized. Summary: {'total_entries': 2012, 'state_updates': 999, 'control_actions': 999, 'errors': 0, 'warnings': 0, 'session_timestamp': '20260425_004744', 'max_error_norm': 0.7778521288223325, 'mean_error_norm': 0.12660724766836376, 'final_error_norm': 0.1280877948653936}
