[2026-04-25 00:50:25.921] [INFO] [mpc_sim] SimulationLogger initialized. Log file: logs\simulation_20260425_005025.log
[2026-04-25 00:50:26.211] [INFO] [mpc_sim] k=20 | Constraint: slack_activated | reason=feasibility
[2026-04-25 00:50:26.272] [INFO] [mpc_sim] k=25 | Constraint: slack_activated | reason=feasibility
[2026-04-25 00:50:26.325] [INFO] [mpc_sim] k=30 | Constraint: slack_activated | reason=feasibility
[2026-04-25 00:50:26.378] [INFO] [mpc_sim] k=35 | Constraint: slack_activated | reason=feasibility
[2026-04-25 00:50:26.597] [INFO] [mpc_sim] k=55 | Constraint: slack_activated | reason=feasibility
[2026-04-25 00:50:26.849] [INFO] [mpc_sim] k=80 | Constraint: slack_activated | reason=feasibility
[2026-04-25 00:50:31.177] [INFO] [mpc_sim] k=570 | Constraint: slack_activated | reason=feasibility
[2026-04-25 00:50:31.307] [INFO] [mpc_sim] k=580 | Constraint: slack_activated | reason=feasibility
[2026-04-25 00:50:31.364] [INFO] [mpc_sim] k=585 | Constraint: slack_activated | reason=feasibility
[2026-04-25 00:50:31.681] [INFO] [mpc_sim] k=610 | Constraint: slack_activated | reason=feasibility
[2026-04-25 00:50:31.727] [INFO] [mpc_sim] k=615 | Constraint: slack_activated | reason=feasibility
[2026-04-25 00:50:32.201] [INFO] [mpc_sim] k=670 | Constraint: slack_activated | reason=feasibility
[2026-04-25 00:50:32.365] [INFO] [mpc_sim] k=680 | Constraint: slack_activated | reason=feasibility
[2026-04-25 00:50:32.460] [INFO] [mpc_sim] k=685 | Constraint: slack_activated | reason=feasibility
[2026-04-25 00:50:32.521] [INFO] [mpc_sim] k=690 | Constraint: slack_activated | reason=feasibility
[2026-04-25 00:50:35.142] [INFO] [mpc_sim] Simulation completed | total_entries=2013 | state_updates=999 | control_actions=999 | errors=0 | warnings=0 | session_timestamp=20260425_005025 | max_error_norm=0.8276674862210825 | mean_error_norm=0.20610158524092517 | final_error_norm=0.05500239007200342
[2026-04-25 00:50:35.154] [INFO] [mpc_sim] State history exported to logs\states_20260425_005025.csv
[2026-04-25 00:50:35.164] [INFO] [mpc_sim] Control history exported to logs\controls_20260425_005025.csv
[2026-04-25 00:50:35.252] [INFO] [mpc_sim] Logs exported to logs\simulation_20260425_005025.json
[2026-04-25 00:50:35.253] [INFO] [mpc_sim] Logging session finalized. Summary: {'total_entries': 2013, 'state_updates': 999, 'control_actions': 999, 'errors': 0, 'warnings': 0, 'session_timestamp': '20260425_005025', 'max_error_norm': 0.8276674862210825, 'mean_error_norm': 0.20610158524092517, 'final_error_norm': 0.05500239007200342}
